// Jest Snapshot v1, https://goo.gl/fbAQLP

exports[`renders correctly 1`] = `
<View
  pointerEvents="box-none"
  style={
    Object {
      "flex": 1,
    }
  }
>
  <View
    collapsable={true}
    pointerEvents="box-none"
    style={
      Object {
        "flex": 1,
      }
    }
  >
    <View
      collapsable={false}
      pointerEvents="box-none"
      style={
        Object {
          "flex": 1,
        }
      }
    >
      <Text
        style={
          Array [
            Object {
              "color": "#000000",
              "fontFamily": "System",
              "fontWeight": "400",
              "textAlign": "left",
            },
            Array [
              Object {
                "color": "#000000",
              },
              undefined,
              Object {
                "fontSize": 12,
              },
            ],
          ]
        }
      >
        Text
      </Text>
    </View>
  </View>
</View>
`;

exports[`renders lowercase correctly 1`] = `
<View
  pointerEvents="box-none"
  style={
    Object {
      "flex": 1,
    }
  }
>
  <View
    collapsable={true}
    pointerEvents="box-none"
    style={
      Object {
        "flex": 1,
      }
    }
  >
    <View
      collapsable={false}
      pointerEvents="box-none"
      style={
        Object {
          "flex": 1,
        }
      }
    >
      <Text
        style={
          Array [
            Object {
              "color": "#000000",
              "fontFamily": "System",
              "fontWeight": "400",
              "textAlign": "left",
            },
            Array [
              Object {
                "color": "#000000",
              },
              undefined,
              Object {
                "fontSize": 24,
                "fontWeight": "bold",
              },
            ],
          ]
        }
      >
        text
      </Text>
    </View>
  </View>
</View>
`;

exports[`renders nested child correctly 1`] = `
<View
  pointerEvents="box-none"
  style={
    Object {
      "flex": 1,
    }
  }
>
  <View
    collapsable={true}
    pointerEvents="box-none"
    style={
      Object {
        "flex": 1,
      }
    }
  >
    <View
      collapsable={false}
      pointerEvents="box-none"
      style={
        Object {
          "flex": 1,
        }
      }
    >
      <Text
        style={
          Array [
            Object {
              "color": "#000000",
              "fontFamily": "System",
              "fontWeight": "400",
              "textAlign": "left",
            },
            Array [
              Object {
                "color": "#000000",
              },
              undefined,
              Object {
                "fontSize": 24,
                "fontWeight": "bold",
              },
            ],
          ]
        }
      >
        <Text
          style={
            Array [
              Object {
                "color": "#000000",
                "fontFamily": "System",
                "fontWeight": "400",
                "textAlign": "left",
              },
              Array [
                Object {
                  "color": "#000000",
                },
                undefined,
                Object {
                  "fontSize": 12,
                },
              ],
            ]
          }
        >
          Text
        </Text>
      </Text>
    </View>
  </View>
</View>
`;

exports[`renders type correctly 1`] = `
<View
  pointerEvents="box-none"
  style={
    Object {
      "flex": 1,
    }
  }
>
  <View
    collapsable={true}
    pointerEvents="box-none"
    style={
      Object {
        "flex": 1,
      }
    }
  >
    <View
      collapsable={false}
      pointerEvents="box-none"
      style={
        Object {
          "flex": 1,
        }
      }
    >
      <Text
        style={
          Array [
            Object {
              "color": "#000000",
              "fontFamily": "System",
              "fontWeight": "400",
              "textAlign": "left",
            },
            Array [
              Object {
                "color": "#000000",
              },
              undefined,
              Object {
                "fontSize": 24,
                "fontWeight": "bold",
              },
            ],
          ]
        }
      >
        Text
      </Text>
    </View>
  </View>
</View>
`;

exports[`renders uppercase correctly 1`] = `
<View
  pointerEvents="box-none"
  style={
    Object {
      "flex": 1,
    }
  }
>
  <View
    collapsable={true}
    pointerEvents="box-none"
    style={
      Object {
        "flex": 1,
      }
    }
  >
    <View
      collapsable={false}
      pointerEvents="box-none"
      style={
        Object {
          "flex": 1,
        }
      }
    >
      <Text
        style={
          Array [
            Object {
              "color": "#000000",
              "fontFamily": "System",
              "fontWeight": "400",
              "textAlign": "left",
            },
            Array [
              Object {
                "color": "#000000",
              },
              undefined,
              Object {
                "fontSize": 24,
                "fontWeight": "bold",
              },
            ],
          ]
        }
      >
        TEXT
      </Text>
    </View>
  </View>
</View>
`;
